[themezhub.net/kumo-demo-2/kumo/home-16.html]
[backblue.gif]
[fade.gif]
[index.html]
[themezhub.net/kumo-demo-2/kumo/assets/css/styles.css]
[themezhub.net/kumo-demo-2/kumo/assets/img/1.jpg]
[themezhub.net/kumo-demo-2/kumo/assets/img/2.jpg]
[themezhub.net/kumo-demo-2/kumo/assets/img/3.jpg]
[themezhub.net/kumo-demo-2/kumo/assets/img/4.jpg]
[themezhub.net/kumo-demo-2/kumo/assets/img/5.jpg]
[themezhub.net/kumo-demo-2/kumo/assets/img/6.jpg]
[themezhub.net/kumo-demo-2/kumo/assets/img/logo-light.png]
[themezhub.net/kumo-demo-2/kumo/index.html]
[themezhub.net/kumo-demo-2/kumo/home-2.html]
[themezhub.net/kumo-demo-2/kumo/home-3.html]
[themezhub.net/kumo-demo-2/kumo/home-4.html]
[themezhub.net/kumo-demo-2/kumo/home-5.html]
[themezhub.net/kumo-demo-2/kumo/home-6.html]
[themezhub.net/kumo-demo-2/kumo/home-7.html]
[themezhub.net/kumo-demo-2/kumo/home-8.html]
[themezhub.net/kumo-demo-2/kumo/home-9.html]
[themezhub.net/kumo-demo-2/kumo/home-10.html]
[themezhub.net/kumo-demo-2/kumo/my-orders.html]
[themezhub.net/kumo-demo-2/kumo/wishlist.html]
[themezhub.net/kumo-demo-2/kumo/profile-info.html]
[themezhub.net/kumo-demo-2/kumo/addresses.html]
[themezhub.net/kumo-demo-2/kumo/payment-methode.html]
[themezhub.net/kumo-demo-2/kumo/shoping-cart.html]
[themezhub.net/kumo-demo-2/kumo/checkout.html]
[themezhub.net/kumo-demo-2/kumo/complete-order.html]
[themezhub.net/kumo-demo-2/kumo/shop-style-1.html]
[themezhub.net/kumo-demo-2/kumo/shop-style-2.html]
[themezhub.net/kumo-demo-2/kumo/shop-style-3.html]
[themezhub.net/kumo-demo-2/kumo/shop-style-4.html]
[themezhub.net/kumo-demo-2/kumo/shop-style-5.html]
[themezhub.net/kumo-demo-2/kumo/shop-list-view.html]
[themezhub.net/kumo-demo-2/kumo/shop-single-v1.html]
[themezhub.net/kumo-demo-2/kumo/shop-single-v2.html]
[themezhub.net/kumo-demo-2/kumo/shop-single-v3.html]
[themezhub.net/kumo-demo-2/kumo/shop-single-v4.html]
[themezhub.net/kumo-demo-2/kumo/blog.html]
[themezhub.net/kumo-demo-2/kumo/about-us.html]
[themezhub.net/kumo-demo-2/kumo/contact.html]
[themezhub.net/kumo-demo-2/kumo/404.html]
[themezhub.net/kumo-demo-2/kumo/privacy.html]
[themezhub.net/kumo-demo-2/kumo/faq.html]
[themezhub.net/kumo-demo-2/kumo/docs.html]
[themezhub.net/kumo-demo-2/kumo/assets/img/shop/14.png]
[themezhub.net/kumo-demo-2/kumo/assets/img/shop/15.png]
[themezhub.net/kumo-demo-2/kumo/assets/img/shop/17.png]
[themezhub.net/kumo-demo-2/kumo/assets/img/shop/18.png]
[themezhub.net/kumo-demo-2/kumo/assets/img/shop/19.png]
[themezhub.net/kumo-demo-2/kumo/assets/img/shop/20.png]
[themezhub.net/kumo-demo-2/kumo/assets/img/shop/21.png]
[themezhub.net/kumo-demo-2/kumo/assets/img/shop/22.png]
[themezhub.net/kumo-demo-2/kumo/assets/img/bg-3.jpg]
[themezhub.net/kumo-demo-2/kumo/assets/img/shop/9.png]
[themezhub.net/kumo-demo-2/kumo/assets/img/shop/10.png]
[themezhub.net/kumo-demo-2/kumo/assets/img/shop/11.png]
[themezhub.net/kumo-demo-2/kumo/assets/img/shop/4.png]
[themezhub.net/kumo-demo-2/kumo/assets/img/shop/5.png]
[themezhub.net/kumo-demo-2/kumo/assets/img/shop/6.png]
[themezhub.net/kumo-demo-2/kumo/assets/img/shop/7.png]
[themezhub.net/kumo-demo-2/kumo/assets/img/card.png]
[themezhub.net/kumo-demo-2/kumo/assets/img/product/1.jpg]
[themezhub.net/kumo-demo-2/kumo/assets/img/product/2.jpg]
[themezhub.net/kumo-demo-2/kumo/assets/img/product/3.jpg]
[themezhub.net/kumo-demo-2/kumo/assets/img/product/4.jpg]
[themezhub.net/kumo-demo-2/kumo/assets/img/tshirt.png]
[themezhub.net/kumo-demo-2/kumo/assets/img/pant.png]
[themezhub.net/kumo-demo-2/kumo/assets/img/fashion.png]
[themezhub.net/kumo-demo-2/kumo/assets/img/sneakers.png]
[themezhub.net/kumo-demo-2/kumo/assets/img/television.png]
[themezhub.net/kumo-demo-2/kumo/assets/img/accessories.png]
[themezhub.net/kumo-demo-2/kumo/assets/img/product/7.jpg]
[themezhub.net/kumo-demo-2/kumo/assets/img/product/8.jpg]
[themezhub.net/kumo-demo-2/kumo/assets/js/jquery.min.js]
[themezhub.net/kumo-demo-2/kumo/assets/js/popper.min.js]
[themezhub.net/kumo-demo-2/kumo/assets/js/bootstrap.min.js]
[themezhub.net/kumo-demo-2/kumo/assets/js/ion.rangeSlider.min.js]
[themezhub.net/kumo-demo-2/kumo/assets/js/slick.js]
[themezhub.net/kumo-demo-2/kumo/assets/js/slider-bg.js]
[themezhub.net/kumo-demo-2/kumo/assets/js/lightbox.js]
[themezhub.net/kumo-demo-2/kumo/assets/js/smoothproducts.js]
[themezhub.net/kumo-demo-2/kumo/assets/js/snackbar.min.js]
[themezhub.net/kumo-demo-2/kumo/assets/js/jQuery.style.switcher.js]
[themezhub.net/kumo-demo-2/kumo/assets/js/custom.js]
[themezhub.net/kumo-demo-2/kumo/home-16.html]
[themezhub.net/kumo-demo-2/kumo/assets/css/plugins/animation.css]
[themezhub.net/kumo-demo-2/kumo/assets/css/plugins/bootstrap.min.css]
[themezhub.net/kumo-demo-2/kumo/assets/css/plugins/snackbar.min.css]
[themezhub.net/kumo-demo-2/kumo/assets/css/plugins/light-box.css]
[themezhub.net/kumo-demo-2/kumo/assets/css/plugins/ion.rangeSlider.min.css]
[themezhub.net/kumo-demo-2/kumo/assets/css/plugins/slick.css]
[themezhub.net/kumo-demo-2/kumo/assets/css/plugins/slick-theme.css]
[themezhub.net/kumo-demo-2/kumo/assets/css/plugins/themify.css]
[themezhub.net/kumo-demo-2/kumo/assets/css/plugins/line-icons.css]
[themezhub.net/kumo-demo-2/kumo/assets/css/plugins/iconfont.css]
[themezhub.net/kumo-demo-2/kumo/assets/css/plugins/font-awesome.css]
[themezhub.net/kumo-demo-2/kumo/assets/css/styles.css]
[themezhub.net/kumo-demo-2/kumo/assets/css/plugins/flaticon.css]
[themezhub.net/kumo-demo-2/kumo/assets/img/logo.png]
[themezhub.net/kumo-demo-2/kumo/assets/img/a-1.png]
[themezhub.net/kumo-demo-2/kumo/assets/img/a-2.png]
[themezhub.net/kumo-demo-2/kumo/assets/img/a-3.png]
[themezhub.net/kumo-demo-2/kumo/assets/img/product/5.jpg]
[themezhub.net/kumo-demo-2/kumo/assets/img/product/6.jpg]
[themezhub.net/kumo-demo-2/kumo/assets/img/team-1.jpg]
[themezhub.net/kumo-demo-2/kumo/assets/img/team-2.jpg]
[themezhub.net/kumo-demo-2/kumo/assets/img/team-3.jpg]
[themezhub.net/kumo-demo-2/kumo/assets/img/team-4.jpg]
[themezhub.net/kumo-demo-2/kumo/blog-detail.html]
[themezhub.net/kumo-demo-2/kumo/assets/img/bl-1.png]
[themezhub.net/kumo-demo-2/kumo/assets/img/bl-2.png]
[themezhub.net/kumo-demo-2/kumo/assets/img/bl-3.png]
[themezhub.net/kumo-demo-2/kumo/assets/img/i-1.png]
[themezhub.net/kumo-demo-2/kumo/assets/img/i-2.png]
[themezhub.net/kumo-demo-2/kumo/assets/img/i-3.png]
[themezhub.net/kumo-demo-2/kumo/assets/img/i-7.png]
[themezhub.net/kumo-demo-2/kumo/assets/img/i-8.png]
[themezhub.net/kumo-demo-2/kumo/assets/img/i-4.png]
[themezhub.net/kumo-demo-2/kumo/assets/img/i-5.png]
[themezhub.net/kumo-demo-2/kumo/assets/img/i-6.png]
[themezhub.net/kumo-demo-2/kumo/index.html]
[themezhub.net/kumo-demo-2/kumo/assets/img/b-8.png]
[themezhub.net/kumo-demo-2/kumo/assets/img/b-5.png]
[themezhub.net/kumo-demo-2/kumo/assets/img/b-3.png]
[themezhub.net/kumo-demo-2/kumo/assets/img/b-7.png]
[themezhub.net/kumo-demo-2/kumo/assets/img/product/9.jpg]
[themezhub.net/kumo-demo-2/kumo/assets/img/product/10.jpg]
[themezhub.net/kumo-demo-2/kumo/assets/img/product/11.jpg]
[themezhub.net/kumo-demo-2/kumo/assets/img/product/12.jpg]
[themezhub.net/kumo-demo-2/kumo/assets/img/product/13.jpg]
[themezhub.net/kumo-demo-2/kumo/assets/img/product/14.jpg]
[themezhub.net/kumo-demo-2/kumo/home-2.html]
[themezhub.net/kumo-demo-2/kumo/assets/img/product/15.png]
[themezhub.net/kumo-demo-2/kumo/assets/img/product/16.png]
[themezhub.net/kumo-demo-2/kumo/assets/img/product/17.png]
[themezhub.net/kumo-demo-2/kumo/assets/img/product/18.png]
[themezhub.net/kumo-demo-2/kumo/assets/img/product/19.png]
[themezhub.net/kumo-demo-2/kumo/assets/img/product/20.png]
[themezhub.net/kumo-demo-2/kumo/assets/img/product/21.png]
[themezhub.net/kumo-demo-2/kumo/assets/img/product/22.png]
[themezhub.net/kumo-demo-2/kumo/home-3.html]
[themezhub.net/kumo-demo-2/kumo/assets/img/a-7.png]
[themezhub.net/kumo-demo-2/kumo/assets/img/a-9.png]
[themezhub.net/kumo-demo-2/kumo/assets/img/a-8.png]
[themezhub.net/kumo-demo-2/kumo/assets/img/a-10.png]
[themezhub.net/kumo-demo-2/kumo/assets/img/banner-c.jpg]
[themezhub.net/kumo-demo-2/kumo/home-4.html]
[themezhub.net/kumo-demo-2/kumo/assets/img/c-22.png]
[themezhub.net/kumo-demo-2/kumo/assets/img/c-44.png]
[themezhub.net/kumo-demo-2/kumo/home-5.html]
[themezhub.net/kumo-demo-2/kumo/assets/img/bt-1.png]
[themezhub.net/kumo-demo-2/kumo/assets/img/bt-2.png]
[themezhub.net/kumo-demo-2/kumo/assets/img/c-8.png]
[themezhub.net/kumo-demo-2/kumo/assets/img/product/7-a.jpg]
[themezhub.net/kumo-demo-2/kumo/assets/img/product/8-a.jpg]
[themezhub.net/kumo-demo-2/kumo/assets/img/product/9-a.jpg]
[themezhub.net/kumo-demo-2/kumo/assets/img/product/10-a.jpg]
[themezhub.net/kumo-demo-2/kumo/assets/img/product/11-a.jpg]
[themezhub.net/kumo-demo-2/kumo/assets/img/product/12-a.jpg]
[themezhub.net/kumo-demo-2/kumo/assets/img/product/13-a.jpg]
[themezhub.net/kumo-demo-2/kumo/assets/img/product/14-a.jpg]
[themezhub.net/kumo-demo-2/kumo/home-6.html]
[themezhub.net/kumo-demo-2/kumo/assets/img/b-1.png]
[themezhub.net/kumo-demo-2/kumo/assets/img/bg.jpg]
[themezhub.net/kumo-demo-2/kumo/home-7.html]
[themezhub.net/kumo-demo-2/kumo/home-8.html]
[themezhub.net/kumo-demo-2/kumo/assets/img/offer-1.png]
[themezhub.net/kumo-demo-2/kumo/assets/img/offer-2.png]
[themezhub.net/kumo-demo-2/kumo/home-9.html]
[themezhub.net/kumo-demo-2/kumo/assets/img/c-3.png]
[themezhub.net/kumo-demo-2/kumo/assets/img/c-5.png]
[themezhub.net/kumo-demo-2/kumo/assets/img/c-1.png]
[themezhub.net/kumo-demo-2/kumo/assets/img/c-11.png]
[themezhub.net/kumo-demo-2/kumo/assets/img/c-12.png]
[themezhub.net/kumo-demo-2/kumo/assets/img/product/a.jpg]
[themezhub.net/kumo-demo-2/kumo/assets/img/product/b.jpg]
[themezhub.net/kumo-demo-2/kumo/assets/img/product/c.jpg]
[themezhub.net/kumo-demo-2/kumo/assets/img/product/d.jpg]
[themezhub.net/kumo-demo-2/kumo/assets/img/product/e.jpg]
[themezhub.net/kumo-demo-2/kumo/assets/img/product/f.jpg]
[themezhub.net/kumo-demo-2/kumo/assets/img/product/g.jpg]
[themezhub.net/kumo-demo-2/kumo/assets/img/bg-2.jpg]
[themezhub.net/kumo-demo-2/kumo/assets/img/p-13.png]
[themezhub.net/kumo-demo-2/kumo/assets/img/p-14.png]
[themezhub.net/kumo-demo-2/kumo/assets/img/p-15.png]
[themezhub.net/kumo-demo-2/kumo/assets/img/p-16.png]
[themezhub.net/kumo-demo-2/kumo/assets/img/p-17.png]
[themezhub.net/kumo-demo-2/kumo/assets/img/p-18.png]
[themezhub.net/kumo-demo-2/kumo/assets/img/p-19.png]
[themezhub.net/kumo-demo-2/kumo/assets/img/p-20.png]
[themezhub.net/kumo-demo-2/kumo/home-10.html]
[themezhub.net/kumo-demo-2/kumo/login.html]
[themezhub.net/kumo-demo-2/kumo/my-orders.html]
[themezhub.net/kumo-demo-2/kumo/wishlist.html]
[themezhub.net/kumo-demo-2/kumo/profile-info.html]
[themezhub.net/kumo-demo-2/kumo/edit-account-address.html]
[themezhub.net/kumo-demo-2/kumo/addresses.html]
[themezhub.net/kumo-demo-2/kumo/add-card.html]
[themezhub.net/kumo-demo-2/kumo/payment-methode.html]
[themezhub.net/kumo-demo-2/kumo/product.html]
[themezhub.net/kumo-demo-2/kumo/shop.html]
[themezhub.net/kumo-demo-2/kumo/shoping-cart.html]
[themezhub.net/kumo-demo-2/kumo/assets/img/paypal.png]
[themezhub.net/kumo-demo-2/kumo/assets/img/strip.png]
[themezhub.net/kumo-demo-2/kumo/assets/img/debit.png]
[themezhub.net/kumo-demo-2/kumo/checkout.html]
[themezhub.net/kumo-demo-2/kumo/complete-order.html]
[themezhub.net/kumo-demo-2/kumo/assets/img/cover-1.jpg]
[themezhub.net/kumo-demo-2/kumo/shop-grid-3.html]
[themezhub.net/kumo-demo-2/kumo/shop-style-1.html]
[themezhub.net/kumo-demo-2/kumo/shop-style-2.html]
[themezhub.net/kumo-demo-2/kumo/assets/img/banner-2.png]
[themezhub.net/kumo-demo-2/kumo/assets/img/product/5-a.jpg]
[themezhub.net/kumo-demo-2/kumo/assets/img/product/2-a.jpg]
[themezhub.net/kumo-demo-2/kumo/assets/img/product/1-a.jpg]
[themezhub.net/kumo-demo-2/kumo/shop-style-3.html]
[themezhub.net/kumo-demo-2/kumo/shop-style-4.html]
[themezhub.net/kumo-demo-2/kumo/shop-list-sidebar.html]
[themezhub.net/kumo-demo-2/kumo/shop-style-5.html]
[themezhub.net/kumo-demo-2/kumo/shop-list-view.html]
[themezhub.net/kumo-demo-2/kumo/shop-single-v1.html]
[themezhub.net/kumo-demo-2/kumo/shop-single-v2.html]
[themezhub.net/kumo-demo-2/kumo/assets/img/product/6-a.jpg]
[themezhub.net/kumo-demo-2/kumo/shop-single-v3.html]
[themezhub.net/kumo-demo-2/kumo/shop-single-v4.html]
[themezhub.net/kumo-demo-2/kumo/blog.html]
[themezhub.net/kumo-demo-2/kumo/assets/img/about-1.png]
[themezhub.net/kumo-demo-2/kumo/assets/img/about-2.png]
[themezhub.net/kumo-demo-2/kumo/about-us.html]
[themezhub.net/kumo-demo-2/kumo/contact.html]
[themezhub.net/kumo-demo-2/kumo/404.html]
[themezhub.net/kumo-demo-2/kumo/privacy.html]
[themezhub.net/kumo-demo-2/kumo/faq.html]
[themezhub.net/kumo-demo-2/kumo/docs.html]
[themezhub.net/kumo-demo-2/kumo/assets/js/jquery.min.js]
[themezhub.net/kumo-demo-2/kumo/assets/js/popper.min.js]
[themezhub.net/kumo-demo-2/kumo/assets/js/bootstrap.min.js]
[themezhub.net/kumo-demo-2/kumo/assets/js/ion.rangeSlider.min.js]
[themezhub.net/kumo-demo-2/kumo/assets/js/slick.js]
[themezhub.net/kumo-demo-2/kumo/assets/js/slider-bg.js]
[themezhub.net/kumo-demo-2/kumo/assets/js/lightbox.js]
[themezhub.net/kumo-demo-2/kumo/assets/js/smoothproducts.js]
[themezhub.net/kumo-demo-2/kumo/assets/js/snackbar.min.js]
[themezhub.net/kumo-demo-2/kumo/assets/js/jQuery.style.switcher.js]
[themezhub.net/kumo-demo-2/kumo/assets/js/custom.js]
[themezhub.net/kumo-demo-2/kumo/assets/css/plugins/animation.css]
[themezhub.net/kumo-demo-2/kumo/assets/css/plugins/bootstrap.min.css]
[themezhub.net/kumo-demo-2/kumo/assets/css/plugins/snackbar.min.css]
[themezhub.net/kumo-demo-2/kumo/assets/css/img/loading.gif]
[themezhub.net/kumo-demo-2/kumo/assets/css/plugins/light-box.css]
[themezhub.net/kumo-demo-2/kumo/assets/css/plugins/ion.rangeSlider.min.css]
[themezhub.net/kumo-demo-2/kumo/assets/css/plugins/slick.css]
[themezhub.net/kumo-demo-2/kumo/assets/css/plugins/ajax-loader.gif]
[themezhub.net/kumo-demo-2/kumo/assets/css/fonts/slick.eot]
[themezhub.net/kumo-demo-2/kumo/assets/css/fonts/slickd41d.eot]
[themezhub.net/kumo-demo-2/kumo/assets/css/fonts/slick.woff]
[themezhub.net/kumo-demo-2/kumo/assets/css/fonts/slick.ttf]
[themezhub.net/kumo-demo-2/kumo/assets/css/plugins/fonts/slick.svg]
[themezhub.net/kumo-demo-2/kumo/assets/css/plugins/slick-theme.css]
[themezhub.net/kumo-demo-2/kumo/assets/css/fonts/themify9f24.eot]
[themezhub.net/kumo-demo-2/kumo/assets/css/fonts/themifyd41d.eot]
[themezhub.net/kumo-demo-2/kumo/assets/css/fonts/themify9f24.woff]
[themezhub.net/kumo-demo-2/kumo/assets/css/fonts/themify9f24.ttf]
[themezhub.net/kumo-demo-2/kumo/assets/css/plugins/themify.css]
[themezhub.net/kumo-demo-2/kumo/assets/css/fonts/themify9f24.svg]
[themezhub.net/kumo-demo-2/kumo/assets/css/plugins/fonts/LineIcons.eot]
[themezhub.net/kumo-demo-2/kumo/assets/css/fonts/LineIcons.eot]
[themezhub.net/kumo-demo-2/kumo/assets/css/fonts/LineIcons.woff2]
[themezhub.net/kumo-demo-2/kumo/assets/css/fonts/LineIcons.woff]
[themezhub.net/kumo-demo-2/kumo/assets/css/fonts/LineIcons.ttf]
[themezhub.net/kumo-demo-2/kumo/assets/css/plugins/line-icons.css]
[themezhub.net/kumo-demo-2/kumo/assets/css/fonts/LineIcons.svg]
[themezhub.net/kumo-demo-2/kumo/assets/css/fonts/icofont.woff2]
[themezhub.net/kumo-demo-2/kumo/assets/css/fonts/icofont.woff]
[themezhub.net/kumo-demo-2/kumo/assets/css/plugins/iconfont.css]
[themezhub.net/kumo-demo-2/kumo/assets/css/fonts/fontawesome-webfont3e6e.eot]
[themezhub.net/kumo-demo-2/kumo/assets/css/fonts/fontawesome-webfontd41d.eot]
[themezhub.net/kumo-demo-2/kumo/assets/css/fonts/fontawesome-webfont3e6e.woff2]
[themezhub.net/kumo-demo-2/kumo/assets/css/fonts/fontawesome-webfont3e6e.woff]
[themezhub.net/kumo-demo-2/kumo/assets/css/fonts/fontawesome-webfont3e6e.ttf]
[themezhub.net/kumo-demo-2/kumo/assets/css/fonts/fontawesome-webfont3e6e.svg]
[themezhub.net/kumo-demo-2/kumo/assets/css/fonts/fa-brands-400.eot]
[themezhub.net/kumo-demo-2/kumo/assets/css/fonts/fa-brands-400d41d.eot]
[themezhub.net/kumo-demo-2/kumo/assets/css/fonts/fa-brands-400.woff2]
[themezhub.net/kumo-demo-2/kumo/assets/css/fonts/fa-brands-400.woff]
[themezhub.net/kumo-demo-2/kumo/assets/css/fonts/fa-brands-400.ttf]
[themezhub.net/kumo-demo-2/kumo/assets/css/fonts/fa-brands-400.svg]
[themezhub.net/kumo-demo-2/kumo/assets/css/fonts/fa-regular-400.eot]
[themezhub.net/kumo-demo-2/kumo/assets/css/fonts/fa-regular-400d41d.eot]
[themezhub.net/kumo-demo-2/kumo/assets/css/fonts/fa-regular-400.woff2]
[themezhub.net/kumo-demo-2/kumo/assets/css/fonts/fa-regular-400.woff]
[themezhub.net/kumo-demo-2/kumo/assets/css/fonts/fa-regular-400.ttf]
[themezhub.net/kumo-demo-2/kumo/assets/css/fonts/fa-regular-400.svg]
[themezhub.net/kumo-demo-2/kumo/assets/css/fonts/fa-solid-900.eot]
[themezhub.net/kumo-demo-2/kumo/assets/css/fonts/fa-solid-900d41d.eot]
[themezhub.net/kumo-demo-2/kumo/assets/css/fonts/fa-solid-900.woff2]
[themezhub.net/kumo-demo-2/kumo/assets/css/fonts/fa-solid-900.woff]
[themezhub.net/kumo-demo-2/kumo/assets/css/fonts/fa-solid-900.ttf]
[themezhub.net/kumo-demo-2/kumo/assets/css/plugins/font-awesome.css]
[themezhub.net/kumo-demo-2/kumo/assets/css/fonts/fa-solid-900.svg]
[themezhub.net/kumo-demo-2/kumo/assets/css/fonts/Flaticon.eot]
[themezhub.net/kumo-demo-2/kumo/assets/css/fonts/Flaticond41d.eot]
[themezhub.net/kumo-demo-2/kumo/assets/css/fonts/Flaticon.woff]
[themezhub.net/kumo-demo-2/kumo/assets/css/fonts/Flaticon.ttf]
[themezhub.net/kumo-demo-2/kumo/assets/css/fonts/Flaticon.svg]
[themezhub.net/kumo-demo-2/kumo/assets/css/fonts/houses.eot]
[themezhub.net/kumo-demo-2/kumo/assets/css/fonts/housesd41d.eot]
[themezhub.net/kumo-demo-2/kumo/assets/css/fonts/houses.woff]
[themezhub.net/kumo-demo-2/kumo/assets/css/fonts/houses.ttf]
[themezhub.net/kumo-demo-2/kumo/assets/css/fonts/houses.svg]
[themezhub.net/kumo-demo-2/kumo/assets/css/plugins/flaticon.css]
[themezhub.net/kumo-demo-2/kumo/blog-detail.html]
[themezhub.net/kumo-demo-2/kumo/login.html]
[themezhub.net/kumo-demo-2/kumo/edit-account-address.html]
[themezhub.net/kumo-demo-2/kumo/add-card.html]
[themezhub.net/kumo-demo-2/kumo/product.html]
[themezhub.net/kumo-demo-2/kumo/shop.html]
[themezhub.net/kumo-demo-2/kumo/assets/img/paypal.html]
[themezhub.net/kumo-demo-2/kumo/assets/img/strip.html]
[themezhub.net/kumo-demo-2/kumo/assets/img/debit.html]
[themezhub.net/kumo-demo-2/kumo/shop-grid-3.html]
[themezhub.net/kumo-demo-2/kumo/shop-list-sidebar.html]
[themezhub.net/kumo-demo-2/kumo/assets/css/plugins/fonts/slick.html]
[themezhub.net/kumo-demo-2/kumo/assets/css/fonts/themify9f24.svg]
[themezhub.net/kumo-demo-2/kumo/assets/css/plugins/fonts/LineIcons.html]
[themezhub.net/kumo-demo-2/kumo/assets/css/fonts/LineIcons.svg]
[themezhub.net/kumo-demo-2/kumo/assets/css/fonts/fontawesome-webfont3e6e.svg]
[themezhub.net/kumo-demo-2/kumo/assets/css/fonts/fa-brands-400.svg]
[themezhub.net/kumo-demo-2/kumo/assets/css/fonts/fa-regular-400.svg]
[themezhub.net/kumo-demo-2/kumo/assets/css/fonts/fa-solid-900.svg]
[themezhub.net/kumo-demo-2/kumo/assets/css/fonts/Flaticon.svg]
[themezhub.net/kumo-demo-2/kumo/assets/css/fonts/houses.svg]
